../Core/Src/main.c:78:5:main	8	static
../Core/Src/main.c:126:6:SystemClock_Config	88	static
../Core/Src/main.c:168:13:MX_USART1_UART_Init	8	static
../Core/Src/main.c:201:13:MX_GPIO_Init	40	static
../Core/Src/main.c:273:6:set_motor_pins	16	static
../Core/Src/main.c:303:6:motor_wave_drive	4	static
../Core/Src/main.c:314:6:motor_full_drive	4	static
../Core/Src/main.c:320:6:motor_half_drive	4	static
../Core/Src/main.c:326:6:motor_half_drive_ccw	4	static
../Core/Src/main.c:332:6:rotate_steps	24	static
../Core/Src/main.c:344:6:HAL_GPIO_EXTI_Callback	16	static
../Core/Src/main.c:378:5:__io_putchar	16	static
../Core/Src/main.c:386:5:_write	32	static
../Core/Src/main.c:399:6:Error_Handler	4	static,ignoring_inline_asm
